Microsoft Windows [Version 10.0.18362.592]
(c) 2019 Microsoft Corporation. All rights reserved.

C:\Users\jshaw>cd..

C:\Users>cd.

C:\Users>cd source
The system cannot find the path specified.

C:\Users>cd jshaworth
The system cannot find the path specified.

C:\Users>cd jshaw

C:\Users\jshaw>cd source

C:\Users\jshaw\source>cd codeworks
The system cannot find the path specified.

C:\Users\jshaw\source>ls
repos

C:\Users\jshaw\source>cd..

C:\Users\jshaw>cd..

C:\Users>cd.

C:\Users>
C:\Users>..
'..' is not recognized as an internal or external command,
operable program or batch file.

C:\Users>cd..

C:\>cd source

C:\source>ls
codeworks

C:\source>cd codeworks

C:\source\codeworks>mkdir day-2

C:\source\codeworks>cd day-2

C:\source\codeworks\day-2>mkdir resume

C:\source\codeworks\day-2>cd resume

C:\source\codeworks\day-2\resume>touch index.html style.css

C:\source\codeworks\day-2\resume>git init
Initialized empty Git repository in C:/source/codeworks/day-2/resume/.git/

C:\source\codeworks\day-2\resume>git remote add origin https://github.com/jshaworth1961/JSHDay2_Resume.git

C:\source\codeworks\day-2\resume>git status
On branch master

No commits yet

Untracked files:
  (use "git add <file>..." to include in what will be committed)
        index.html
        style.css

nothing added to commit but untracked files present (use "git add" to track)

C:\source\codeworks\day-2\resume>git add *

C:\source\codeworks\day-2\resume>git status
On branch master

No commits yet

Changes to be committed:
  (use "git rm --cached <file>..." to unstage)
        new file:   index.html
        new file:   style.css


C:\source\codeworks\day-2\resume>git push -u origin master
error: src refspec master does not match any
error: failed to push some refs to 'https://github.com/jshaworth1961/JSHDay2_Resume.git'

C:\source\codeworks\day-2\resume>git commit -m "First commit"
[master (root-commit) c7296a8] First commit
 2 files changed, 0 insertions(+), 0 deletions(-)
 create mode 100644 index.html
 create mode 100644 style.css

C:\source\codeworks\day-2\resume>git push -u origin master
Enumerating objects: 3, done.
Counting objects: 100% (3/3), done.
Delta compression using up to 4 threads
Compressing objects: 100% (2/2), done.
Writing objects: 100% (3/3), 232 bytes | 77.00 KiB/s, done.
Total 3 (delta 0), reused 0 (delta 0)
To https://github.com/jshaworth1961/JSHDay2_Resume.git
 * [new branch]      master -> master
Branch 'master' set up to track remote branch 'master' from 'origin'.

C:\source\codeworks\day-2\resume>

















































